[0.022s][info][gc] Using Serial
[2,066s][info][gc] GC(0) Pause Young (Allocation Failure) 66M->17M(241M) 27,588ms
[2,739s][info][gc] GC(1) Pause Young (Allocation Failure) 84M->84M(241M) 116,478ms
[3,411s][info][gc] GC(2) Pause Young (Allocation Failure) 151M->151M(241M) 102,727ms
[4,107s][info][gc] GC(3) Pause Young (Allocation Failure) 217M->217M(284M) 104,146ms
[4,355s][info][gc] GC(4) Pause Full (Allocation Failure) 217M->217M(506M) 248,084ms
[5,758s][info][gc] GC(5) Pause Young (Allocation Failure) 349M->349M(506M) 261,024ms
stretch tree of depth 23	 check: 16777215
[8,148s][info][gc] GC(6) Pause Young (Allocation Failure) 489M->489M(629M) 221,882ms
[8,371s][info][gc] GC(7) Pause Full (Allocation Failure) 489M->124M(506M) 222,590ms
[9,305s][info][gc] GC(8) Pause Young (Allocation Failure) 264M->227M(506M) 115,352ms
[9,553s][info][gc] GC(9) Pause Young (Allocation Failure) 367M->264M(506M) 52,240ms
[9,798s][info][gc] GC(10) Pause Young (Allocation Failure) 404M->293M(506M) 48,478ms
[10,048s][info][gc] GC(11) Pause Young (Allocation Failure) 433M->324M(506M) 47,029ms
[10,310s][info][gc] GC(12) Pause Young (Allocation Failure) 464M->358M(506M) 53,248ms
[10,572s][info][gc] GC(13) Pause Young (Allocation Failure) 498M->388M(528M) 61,931ms
[11,021s][info][gc] GC(14) Pause Full (Allocation Failure) 388M->335M(809M) 449,296ms
[11,462s][info][gc] GC(15) Pause Young (Allocation Failure) 558M->395M(809M) 74,559ms
[11,896s][info][gc] GC(16) Pause Young (Allocation Failure) 619M->453M(809M) 112,024ms
[12,307s][info][gc] GC(17) Pause Young (Allocation Failure) 677M->505M(809M) 96,948ms
[12,747s][info][gc] GC(18) Pause Young (Allocation Failure) 729M->544M(809M) 78,554ms
[13,190s][info][gc] GC(19) Pause Young (Allocation Failure) 768M->576M(809M) 65,818ms
[13,610s][info][gc] GC(20) Pause Young (Allocation Failure) 799M->609M(832M) 69,806ms
[13,998s][info][gc] GC(21) Pause Full (Allocation Failure) 609M->235M(809M) 388,117ms
[14,399s][info][gc] GC(22) Pause Young (Allocation Failure) 459M->313M(809M) 86,687ms
[14,804s][info][gc] GC(23) Pause Young (Allocation Failure) 537M->352M(809M) 63,497ms
[15,226s][info][gc] GC(24) Pause Young (Allocation Failure) 576M->412M(809M) 88,384ms
[15,641s][info][gc] GC(25) Pause Young (Allocation Failure) 636M->458M(809M) 78,027ms
[16,047s][info][gc] GC(26) Pause Young (Allocation Failure) 681M->503M(809M) 72,113ms
[16,478s][info][gc] GC(27) Pause Young (Allocation Failure) 726M->562M(809M) 88,313ms
[16,919s][info][gc] GC(28) Pause Young (Allocation Failure) 786M->581M(809M) 44,250ms
[17,339s][info][gc] GC(29) Pause Young (Allocation Failure) 804M->622M(845M) 85,823ms
[17,717s][info][gc] GC(30) Pause Full (Allocation Failure) 622M->264M(809M) 377,703ms
[18,127s][info][gc] GC(31) Pause Young (Allocation Failure) 488M->332M(809M) 75,249ms
[18,569s][info][gc] GC(32) Pause Young (Allocation Failure) 555M->388M(809M) 87,820ms
[18,994s][info][gc] GC(33) Pause Young (Allocation Failure) 611M->436M(809M) 75,211ms
[19,408s][info][gc] GC(34) Pause Young (Allocation Failure) 660M->495M(809M) 87,151ms
[19,823s][info][gc] GC(35) Pause Young (Allocation Failure) 718M->538M(809M) 69,284ms
[20,239s][info][gc] GC(36) Pause Young (Allocation Failure) 762M->587M(811M) 77,943ms
[20,791s][info][gc] GC(37) Pause Full (Allocation Failure) 587M->449M(1085M) 552,129ms
[21,359s][info][gc] GC(38) Pause Young (Allocation Failure) 748M->486M(1085M) 47,903ms
[21,910s][info][gc] GC(39) Pause Young (Allocation Failure) 786M->551M(1085M) 113,876ms
[22,440s][info][gc] GC(40) Pause Young (Allocation Failure) 850M->591M(1085M) 80,257ms
[23,041s][info][gc] GC(41) Pause Young (Allocation Failure) 890M->670M(1085M) 146,093ms
[23,597s][info][gc] GC(42) Pause Young (Allocation Failure) 969M->724M(1085M) 107,518ms
[24,159s][info][gc] GC(43) Pause Young (Allocation Failure) 1024M->791M(1090M) 122,124ms
[24,767s][info][gc] GC(44) Pause Full (Allocation Failure) 791M->440M(1085M) 608,198ms
[25,309s][info][gc] GC(45) Pause Young (Allocation Failure) 739M->485M(1085M) 50,062ms
[25,847s][info][gc] GC(46) Pause Young (Allocation Failure) 784M->503M(1085M) 57,050ms
[26,360s][info][gc] GC(47) Pause Young (Allocation Failure) 803M->528M(1085M) 62,800ms
[26,903s][info][gc] GC(48) Pause Young (Allocation Failure) 827M->597M(1085M) 105,972ms
[27,450s][info][gc] GC(49) Pause Young (Allocation Failure) 896M->661M(1085M) 101,413ms
[27,990s][info][gc] GC(50) Pause Young (Allocation Failure) 961M->731M(1085M) 111,115ms
[28,552s][info][gc] GC(51) Pause Young (Allocation Failure) 1031M->782M(1085M) 86,964ms
[29,162s][info][gc] GC(52) Pause Young (Allocation Failure) 1081M->832M(1131M) 98,200ms
[29,588s][info][gc] GC(53) Pause Full (Allocation Failure) 832M->274M(1085M) 426,032ms
[30,104s][info][gc] GC(54) Pause Young (Allocation Failure) 573M->349M(1085M) 80,723ms
[30,615s][info][gc] GC(55) Pause Young (Allocation Failure) 648M->377M(1085M) 62,457ms
[31,158s][info][gc] GC(56) Pause Young (Allocation Failure) 676M->449M(1085M) 111,001ms
[31,692s][info][gc] GC(57) Pause Young (Allocation Failure) 749M->494M(1085M) 80,398ms
[32,232s][info][gc] GC(58) Pause Young (Allocation Failure) 794M->563M(1085M) 104,369ms
[32,819s][info][gc] GC(59) Pause Young (Allocation Failure) 862M->605M(1085M) 73,815ms
[33,380s][info][gc] GC(60) Pause Young (Allocation Failure) 905M->659M(1085M) 91,198ms
[33,922s][info][gc] GC(61) Pause Young (Allocation Failure) 958M->729M(1085M) 105,693ms
[34,451s][info][gc] GC(62) Pause Young (Allocation Failure) 1029M->767M(1085M) 80,211ms
[35,011s][info][gc] GC(63) Pause Young (Allocation Failure) 1067M->831M(1131M) 112,674ms
[35,584s][info][gc] GC(64) Pause Full (Allocation Failure) 831M->400M(1085M) 572,996ms
[36,122s][info][gc] GC(65) Pause Young (Allocation Failure) 700M->493M(1085M) 100,480ms
[36,704s][info][gc] GC(66) Pause Young (Allocation Failure) 793M->489M(1085M) 30,533ms
[37,241s][info][gc] GC(67) Pause Young (Allocation Failure) 789M->555M(1085M) 83,906ms
[37,772s][info][gc] GC(68) Pause Young (Allocation Failure) 854M->592M(1085M) 78,467ms
[38,325s][info][gc] GC(69) Pause Young (Allocation Failure) 892M->656M(1085M) 102,022ms
[38,876s][info][gc] GC(70) Pause Young (Allocation Failure) 956M->725M(1085M) 107,396ms
[39,398s][info][gc] GC(71) Pause Young (Allocation Failure) 1025M->743M(1085M) 57,318ms
[39,952s][info][gc] GC(72) Pause Young (Allocation Failure) 1043M->804M(1103M) 99,363ms
[40,566s][info][gc] GC(73) Pause Full (Allocation Failure) 804M->437M(1085M) 613,917ms
[41,128s][info][gc] GC(74) Pause Young (Allocation Failure) 737M->485M(1085M) 52,186ms
[41,638s][info][gc] GC(75) Pause Young (Allocation Failure) 785M->502M(1085M) 52,126ms
[42,216s][info][gc] GC(76) Pause Young (Allocation Failure) 801M->582M(1085M) 115,660ms
[42,765s][info][gc] GC(77) Pause Young (Allocation Failure) 882M->644M(1085M) 99,041ms
[43,281s][info][gc] GC(78) Pause Young (Allocation Failure) 944M->671M(1085M) 64,666ms
[43,805s][info][gc] GC(79) Pause Young (Allocation Failure) 970M->730M(1085M) 99,807ms
[44,381s][info][gc] GC(80) Pause Young (Allocation Failure) 1029M->787M(1087M) 91,140ms
[44,975s][info][gc] GC(81) Pause Full (Allocation Failure) 787M->424M(1085M) 594,111ms
[45,557s][info][gc] GC(82) Pause Young (Allocation Failure) 723M->492M(1085M) 74,853ms
[46,119s][info][gc] GC(83) Pause Young (Allocation Failure) 791M->576M(1085M) 124,634ms
[46,666s][info][gc] GC(84) Pause Young (Allocation Failure) 876M->637M(1085M) 97,484ms
[47,197s][info][gc] GC(85) Pause Young (Allocation Failure) 937M->693M(1085M) 92,126ms
[47,742s][info][gc] GC(86) Pause Young (Allocation Failure) 993M->754M(1085M) 96,451ms
[48,285s][info][gc] GC(87) Pause Young (Allocation Failure) 1054M->780M(1085M) 61,521ms
[48,818s][info][gc] GC(88) Pause Young (Allocation Failure) 1079M->771M(1090M) 27,138ms
[49,160s][info][gc] GC(89) Pause Full (Allocation Failure) 771M->213M(1085M) 342,250ms
[49,695s][info][gc] GC(90) Pause Young (Allocation Failure) 512M->302M(1085M) 106,841ms
[50,244s][info][gc] GC(91) Pause Young (Allocation Failure) 601M->362M(1085M) 96,839ms
[50,789s][info][gc] GC(92) Pause Young (Allocation Failure) 662M->443M(1085M) 120,180ms
[51,356s][info][gc] GC(93) Pause Young (Allocation Failure) 743M->515M(1085M) 122,003ms
[51,866s][info][gc] GC(94) Pause Young (Allocation Failure) 815M->527M(1085M) 46,810ms
[52,427s][info][gc] GC(95) Pause Young (Allocation Failure) 827M->572M(1085M) 74,915ms
[52,970s][info][gc] GC(96) Pause Young (Allocation Failure) 872M->629M(1085M) 93,860ms
[53,476s][info][gc] GC(97) Pause Young (Allocation Failure) 928M->656M(1085M) 61,743ms
[54,060s][info][gc] GC(98) Pause Young (Allocation Failure) 955M->735M(1085M) 118,708ms
[54,609s][info][gc] GC(99) Pause Young (Allocation Failure) 1034M->785M(1085M) 85,674ms
[55,227s][info][gc] GC(100) Pause Young (Allocation Failure) 1085M->860M(1160M) 139,906ms
[55,842s][info][gc] GC(101) Pause Full (Allocation Failure) 860M->428M(1085M) 614,540ms
[56,396s][info][gc] GC(102) Pause Young (Allocation Failure) 727M->488M(1085M) 66,488ms
[56,929s][info][gc] GC(103) Pause Young (Allocation Failure) 787M->489M(1085M) 35,730ms
[57,452s][info][gc] GC(104) Pause Young (Allocation Failure) 788M->559M(1085M) 95,431ms
[57,993s][info][gc] GC(105) Pause Young (Allocation Failure) 858M->621M(1085M) 100,731ms
[58,540s][info][gc] GC(106) Pause Young (Allocation Failure) 920M->691M(1085M) 112,366ms
[59,074s][info][gc] GC(107) Pause Young (Allocation Failure) 991M->741M(1085M) 85,549ms
[59,615s][info][gc] GC(108) Pause Young (Allocation Failure) 1040M->808M(1107M) 111,525ms
[60,233s][info][gc] GC(109) Pause Full (Allocation Failure) 808M->436M(1085M) 618,355ms
[60,811s][info][gc] GC(110) Pause Young (Allocation Failure) 736M->486M(1085M) 55,481ms
[61,336s][info][gc] GC(111) Pause Young (Allocation Failure) 785M->497M(1085M) 47,857ms
[61,870s][info][gc] GC(112) Pause Young (Allocation Failure) 797M->568M(1085M) 107,039ms
[62,424s][info][gc] GC(113) Pause Young (Allocation Failure) 868M->642M(1085M) 111,975ms
[62,946s][info][gc] GC(114) Pause Young (Allocation Failure) 941M->678M(1085M) 78,478ms
[63,485s][info][gc] GC(115) Pause Young (Allocation Failure) 978M->757M(1085M) 119,404ms
[64,052s][info][gc] GC(116) Pause Young (Allocation Failure) 1056M->794M(1094M) 73,082ms
[64,638s][info][gc] GC(117) Pause Full (Allocation Failure) 794M->415M(1085M) 585,394ms
[65,193s][info][gc] GC(118) Pause Young (Allocation Failure) 714M->494M(1085M) 88,638ms
[65,747s][info][gc] GC(119) Pause Young (Allocation Failure) 793M->575M(1085M) 123,693ms
[66,280s][info][gc] GC(120) Pause Young (Allocation Failure) 875M->613M(1085M) 78,583ms
[66,803s][info][gc] GC(121) Pause Young (Allocation Failure) 912M->651M(1085M) 79,825ms
[67,308s][info][gc] GC(122) Pause Young (Allocation Failure) 950M->673M(1085M) 59,286ms
[67,862s][info][gc] GC(123) Pause Young (Allocation Failure) 972M->725M(1085M) 86,528ms
[68,411s][info][gc] GC(124) Pause Young (Allocation Failure) 1025M->756M(1085M) 62,658ms
[68,966s][info][gc] GC(125) Pause Young (Allocation Failure) 1056M->820M(1120M) 119,372ms
[69,431s][info][gc] GC(126) Pause Full (Allocation Failure) 820M->294M(1085M) 464,924ms
[69,996s][info][gc] GC(127) Pause Young (Allocation Failure) 594M->373M(1085M) 125,523ms
[70,604s][info][gc] GC(128) Pause Young (Allocation Failure) 673M->445M(1085M) 137,202ms
[71,153s][info][gc] GC(129) Pause Young (Allocation Failure) 745M->514M(1085M) 109,219ms
[71,674s][info][gc] GC(130) Pause Young (Allocation Failure) 814M->531M(1085M) 53,394ms
[72,332s][info][gc] GC(131) Pause Young (Allocation Failure) 830M->577M(1085M) 84,674ms
[73,063s][info][gc] GC(132) Pause Young (Allocation Failure) 877M->568M(1085M) 21,801ms
4194304	 trees of depth 4	 check: 130023424
1048576	 trees of depth 6	 check: 133169152
262144	 trees of depth 8	 check: 133955584
65536	 trees of depth 10	 check: 134152192
16384	 trees of depth 12	 check: 134201344
4096	 trees of depth 14	 check: 134213632
1024	 trees of depth 16	 check: 134216704
256	 trees of depth 18	 check: 134217472
64	 trees of depth 20	 check: 134217664
16	 trees of depth 22	 check: 134217712
long lived tree of depth 22	 check: 8388607
